node.exe : Prisma schema 
loaded from 
prisma\schema.prisma.
At line:1 char:1
+ & 
"C:\nvm4w\nodejs/node.exe" "
C:\nvm4w\nodejs/node_modules
/npm/bin/np ...
+ ~~~~~~~~~~~~~~~~~~~~~~~~~~
~~~~~~~~~~~~~~~~~~~~~~~~~~~~
~~~~~~~~~~~~~~~
    + CategoryInfo          
    : NotSpecified: (Prism  
  a schema l...\schema.pr   
 isma.:String) [], Remot    
eException
    + FullyQualifiedErrorId 
    : NativeCommandError
 
Error: Prisma schema 
validation - (get-config 
wasm)
Error code: P1012
error: The datasource 
property `url` is no longer 
supported in schema files. 
Move connection URLs for 
Migrate to 
`prisma.config.ts` and pass 
either `adapter` for a 
direct database connection 
or `accelerateUrl` for 
Accelerate to the 
`PrismaClient` constructor. 
See https://pris.ly/d/config
-datasource and https://pris
.ly/d/prisma7-client-config
  -->  
prisma\schema.prisma:13
   | 
12 |   provider = 
"postgresql"
13 |   url      = 
env("DATABASE_URL")
   | 


error: The datasource 
property `directUrl` is no 
longer supported in schema 
files. Move connection URLs 
to `prisma.config.ts`. See h
ttps://pris.ly/d/config-data
source
  -->  
prisma\schema.prisma:14
   | 
13 |   url      = 
env("DATABASE_URL")
14 |   directUrl = 
env("DIRECT_DATABASE_URL")
   | 

Validation Error Count: 2
[Context: getConfig]

Prisma CLI Version : 7.2.0
